// Jest Snapshot v1, https://goo.gl/fbAQLP

exports[`BookSelect should match snapshot 1`] = `"<div class=\\"book-shelf-changer\\"><select><option selected=\\"\\" value=\\"move\\" disabled=\\"\\">Move to...</option><option value=\\"currentlyReading\\">Currently Reading</option><option value=\\"wantToRead\\">Want to Read</option><option value=\\"read\\">Read</option><option value=\\"\\">None</option></select></div>"`;
