// Jest Snapshot v1, https://goo.gl/fbAQLP

exports[`App when route is / should match snapshot 1`] = `"<div class=\\"app\\"><div class=\\"list-books\\"><div class=\\"list-books-title\\"><h1>MyReads</h1></div><div class=\\"list-books-content\\"><div class=\\"bookshelf\\"><h2 class=\\"bookshelf-title\\">Current Reading</h2><div class=\\"bookshelf-books\\"><p class=\\"bookshelf-message\\">No books found.</p></div></div><div class=\\"bookshelf\\"><h2 class=\\"bookshelf-title\\">Want to Read</h2><div class=\\"bookshelf-books\\"><p class=\\"bookshelf-message\\">No books found.</p></div></div><div class=\\"bookshelf\\"><h2 class=\\"bookshelf-title\\">Read</h2><div class=\\"bookshelf-books\\"><p class=\\"bookshelf-message\\">No books found.</p></div></div></div><div class=\\"open-search\\"><a href=\\"/search\\"><button type=\\"button\\">Add a book</button></a></div></div></div>"`;

exports[`App when route is /search should match snapshot 1`] = `"<div class=\\"app\\"><div class=\\"search-books\\"><div class=\\"search-books-bar\\"><a class=\\"close-search\\" href=\\"/\\">Close</a><div class=\\"search-books-input-wrapper\\"><input type=\\"text\\" placeholder=\\"Search by title or author\\" value=\\"\\"/></div></div><div class=\\"search-books-results\\"><ol class=\\"books-grid\\"></ol></div></div></div>"`;

exports[`App when route is /something should match snapshot 1`] = `"<div class=\\"app\\"><div class=\\"list-books\\"><div class=\\"list-books-title\\"><h1>MyReads</h1></div><div class=\\"list-books-content\\"><div class=\\"bookshelf\\"><h2 class=\\"bookshelf-title\\">Current Reading</h2><div class=\\"bookshelf-books\\"><p class=\\"bookshelf-message\\">No books found.</p></div></div><div class=\\"bookshelf\\"><h2 class=\\"bookshelf-title\\">Want to Read</h2><div class=\\"bookshelf-books\\"><p class=\\"bookshelf-message\\">No books found.</p></div></div><div class=\\"bookshelf\\"><h2 class=\\"bookshelf-title\\">Read</h2><div class=\\"bookshelf-books\\"><p class=\\"bookshelf-message\\">No books found.</p></div></div></div><div class=\\"open-search\\"><a href=\\"/search\\"><button type=\\"button\\">Add a book</button></a></div></div></div>"`;
