// Jest Snapshot v1, https://goo.gl/fbAQLP

exports[`App componentDidMount should match snapshot 1`] = `"<div class=\\"app\\"><div class=\\"list-books\\"><div class=\\"list-books-title\\"><h1>MyReads</h1></div><div class=\\"list-books-content\\"><div class=\\"bookshelf\\"><h2 class=\\"bookshelf-title\\">Current Reading</h2><div class=\\"bookshelf-books\\"><ol class=\\"books-grid\\"></ol></div></div><div class=\\"bookshelf\\"><h2 class=\\"bookshelf-title\\">Want to Read</h2><div class=\\"bookshelf-books\\"><ol class=\\"books-grid\\"></ol></div></div><div class=\\"bookshelf\\"><h2 class=\\"bookshelf-title\\">Read</h2><div class=\\"bookshelf-books\\"><ol class=\\"books-grid\\"></ol></div></div></div><div class=\\"open-search\\"><a href=\\"/search\\"><button type=\\"button\\">Add a book</button></a></div></div></div>"`;

exports[`App should match snapshot 1`] = `"<div class=\\"app\\"><div class=\\"list-books\\"><div class=\\"list-books-title\\"><h1>MyReads</h1></div><div class=\\"list-books-content\\"><div class=\\"bookshelf\\"><h2 class=\\"bookshelf-title\\">Current Reading</h2><div class=\\"bookshelf-books\\"><ol class=\\"books-grid\\"></ol></div></div><div class=\\"bookshelf\\"><h2 class=\\"bookshelf-title\\">Want to Read</h2><div class=\\"bookshelf-books\\"><ol class=\\"books-grid\\"></ol></div></div><div class=\\"bookshelf\\"><h2 class=\\"bookshelf-title\\">Read</h2><div class=\\"bookshelf-books\\"><ol class=\\"books-grid\\"></ol></div></div></div><div class=\\"open-search\\"><a href=\\"/search\\"><button type=\\"button\\">Add a book</button></a></div></div></div>"`;
