// Jest Snapshot v1, https://goo.gl/fbAQLP

exports[`BookSearch should match snapshot 1`] = `"<div class=\\"search-books\\"><div class=\\"search-books-bar\\"><a class=\\"close-search\\" href=\\"/\\">Close</a><div class=\\"search-books-input-wrapper\\"><input type=\\"text\\" placeholder=\\"Search by title or author\\" value=\\"\\"></div></div><div class=\\"search-books-results\\"><ol class=\\"books-grid\\"></ol></div></div>"`;
